量化投资研究框架 - 测试报告
生成时间: C:\Users\sytj1\Desktop\量化投资框架
通过率: 91.7%
状态: GOOD
总测试数: 6
通过测试: 5.5
